
> cliner-qr-admin@1.0.0 build
> next build

   Linting and checking validity of types ...

./src/components/PhotoUpload.tsx
95:29  Warning: Using `<img>` could result in slower LCP and higher bandwidth. Consider using `<Image />` from `next/image` to automatically optimize images. This may incur additional usage or cost from your provider. See: https://nextjs.org/docs/messages/no-img-element  @next/next/no-img-element

./src/components/QRScanner.tsx
145:29  Warning: Using `<img>` could result in slower LCP and higher bandwidth. Consider using `<Image />` from `next/image` to automatically optimize images. This may incur additional usage or cost from your provider. See: https://nextjs.org/docs/messages/no-img-element  @next/next/no-img-element

./src/pages/cleaner.tsx
167:49  Warning: Using `<img>` could result in slower LCP and higher bandwidth. Consider using `<Image />` from `next/image` to automatically optimize images. This may incur additional usage or cost from your provider. See: https://nextjs.org/docs/messages/no-img-element  @next/next/no-img-element
198:29  Warning: Using `<img>` could result in slower LCP and higher bandwidth. Consider using `<Image />` from `next/image` to automatically optimize images. This may incur additional usage or cost from your provider. See: https://nextjs.org/docs/messages/no-img-element  @next/next/no-img-element

./src/pages/qr-generator/index.tsx
200:41  Warning: Using `<img>` could result in slower LCP and higher bandwidth. Consider using `<Image />` from `next/image` to automatically optimize images. This may incur additional usage or cost from your provider. See: https://nextjs.org/docs/messages/no-img-element  @next/next/no-img-element

./src/pages/reports/index.tsx
183:53  Warning: Using `<img>` could result in slower LCP and higher bandwidth. Consider using `<Image />` from `next/image` to automatically optimize images. This may incur additional usage or cost from your provider. See: https://nextjs.org/docs/messages/no-img-element  @next/next/no-img-element
299:25  Warning: Using `<img>` could result in slower LCP and higher bandwidth. Consider using `<Image />` from `next/image` to automatically optimize images. This may incur additional usage or cost from your provider. See: https://nextjs.org/docs/messages/no-img-element  @next/next/no-img-element

./src/pages/scan.tsx
281:45  Warning: Using `<img>` could result in slower LCP and higher bandwidth. Consider using `<Image />` from `next/image` to automatically optimize images. This may incur additional usage or cost from your provider. See: https://nextjs.org/docs/messages/no-img-element  @next/next/no-img-element

info  - Need to disable some ESLint rules? Learn more here: https://nextjs.org/docs/basic-features/eslint#disabling-rules
Failed to compile.

./src/pages/cabinets/index.tsx:143:37
Type error: Type '{ placeholder: string; value: string; onChange: (e: ChangeEvent<HTMLInputElement>) => void; icon: Element; }' is not assignable to type 'IntrinsicAttributes & InputProps & RefAttributes<HTMLInputElement>'.
  Property 'icon' does not exist on type 'IntrinsicAttributes & InputProps & RefAttributes<HTMLInputElement>'.

[0m [90m 141 |[39m                                     value[33m=[39m{searchTerm}[0m
[0m [90m 142 |[39m                                     onChange[33m=[39m{(e) [33m=>[39m setSearchTerm(e[33m.[39mtarget[33m.[39mvalue)}[0m
[0m[31m[1m>[22m[39m[90m 143 |[39m                                     icon[33m=[39m{[33m<[39m[33mMagnifyingGlassIcon[39m className[33m=[39m[32m"h-5 w-5"[39m [33m/[39m[33m>[39m}[0m
[0m [90m     |[39m                                     [31m[1m^[22m[39m[0m
[0m [90m 144 |[39m                                 [33m/[39m[33m>[39m[0m
[0m [90m 145 |[39m                             [33m<[39m[33m/[39m[33mdiv[39m[33m>[39m[0m
[0m [90m 146 |[39m                         [33m<[39m[33m/[39m[33mdiv[39m[33m>[39m[0m
